
Running 4 tests using 1 worker

[1A[2K[1/4] tests\auth.spec.js:10:3 ΓÇ║ Authentication ΓÇ║ Customer signup succeeds and redirects to dashboard
[1A[2K[2/4] tests\auth.spec.js:27:3 ΓÇ║ Authentication ΓÇ║ Customer login succeeds
[1A[2K[3/4] tests\auth.spec.js:37:3 ΓÇ║ Authentication ΓÇ║ Login with wrong password shows error
